
> comercio360@0.1.1 build
> next build

▲ Next.js 16.3.8 (Turbopack)
✓ Running next.config.ts took 39ms

  Creating an optimized production build ...
✓ Compiled successfully in 2.9s
  Running TypeScript ...
  Finished TypeScript in 7.8s ...
  Collecting page data using 5 workers ...
  Generating static pages using 5 workers (0/6) ...
  Generating static pages using 5 workers (1/6) 
  Generating static pages using 5 workers (2/6) 
  Generating static pages using 5 workers (4/6) 
✓ Generating static pages using 5 workers (6/6) in 229ms
  Finalizing page optimization ...

Route (app)
┌ ○ /
├ ○ /_not-found
├ ƒ /api/catalog/images/[productId]
├ ƒ /app
├ ƒ /app/[module]
├ ƒ /app/compras
├ ƒ /app/estoque
├ ƒ /app/pdv
├ ƒ /app/produtos
├ ƒ /demo/[[...module]]
├ ○ /icon.svg
├ ƒ /login
├ ○ /manifest.webmanifest
└ ○ /sem-acesso


ƒ Proxy (Middleware)

○  (Static)   prerendered as static content
ƒ  (Dynamic)  server-rendered on demand

