
> comercio360@0.1.1 test:cleanup
> node --test workers/catalog-cleanup/test/*.test.mjs

✔ probe manifest fixes target, three distinct UUIDs, rollback UUID and <=30 minute expiry (4.2619ms)
✔ changes only fixture Authorization, preserves request and actual response, signal and apikey (27.4729ms)
✔ RPCs keep their credential and cutoff; finish only accepts the exact fixture (1.1446ms)
✔ unknown origins, routes, methods and nonfixture or ambiguous DELETE bodies never reach fetch (1.2939ms)
✔ expiration at the exact boundary restores real Authorization without synthesizing success (0.5531ms)
✔ unexpected HTTP success is passed through and never classified as an expected rejection (0.5309ms)
✔ network errors remain errors with no invented HTTP status or sensitive diagnostics (0.5046ms)
✔ a second injection or a cancelled request cannot send another DELETE (0.6612ms)
✔ disabled or expired wrapper delegates the unchanged handler and cannot inject (0.5709ms)
✔ invalid activation or target is rejected before the handler, with no secret value in the error (0.482ms)
✔ installed SDK and actual cleanup algorithm record failure after upstream 401 without changing RPC authentication (13.9183ms)
✔ rejects every target except the accepted development project (1.1921ms)
✔ claims in bounded pages and retries a failed removal after grace (4.0167ms)
✔ Cron failure is recorded without object path or transport detail (0.953ms)
✔ finalization error fails the Cron with sanitized counts (0.4517ms)
✔ stops at 16 objects within the Workers Free subrequest budget (0.6266ms)
✔ keeps only fixed Cron metadata and aggregate counters (3.8449ms)
✔ rejects wrong Worker/version, missing or truncated evidence (0.88ms)
✔ preserves provider timestamps off the minute boundary from prior live evidence (0.2679ms)
✔ rejects success inconsistent with counters or platform outcome (0.3807ms)
✔ records actual failure separately without converting it to success (0.2885ms)
✔ decodes pretty JSON split across chunks and does not emit headers (1.3287ms)
✔ failure cannot be replaced by a later success in the same chunk (8.333ms)
✔ conflicting duplicates invalidate evidence while identical duplicates are ignored (1.1879ms)
✔ timeout forces termination of a child ignoring SIGINT (22.6642ms)
✔ no unconfirmed child shutdown can become successful evidence (22.093ms)
✔ fault evidence requires HTTP 401 and exactly one failed fixture, and strips raw fields (0.8372ms)
✔ explicit fault observation records a Cron exception while retry stays not_run (1.2938ms)
✔ fault scenario cannot accept ordinary successful cleanup or multiple observations (0.9035ms)
✔ fault trial retains empty pre-eligibility Crons without treating them as failure evidence (1.4253ms)
✔ fault eligibility allowance rejects premature nonempty work and later ordinary success (4.4253ms)
✔ window requires exclusivity, explicit timestamps and 5–8 hours; only executes inside (4.1951ms)
✔ inventory accepts complete owned fixtures and empty initial inventory (1.6204ms)
✔ PostgreSQL microsecond ISO timestamps accept real wire format without assuming minute boundaries (1.3396ms)
✔ microsecond grace cannot admit time beyond exact SQL cutoff or a retry before it (2.5641ms)
✔ inventory and grace allow absent recent control between phases, failure/recovery require one (1.789ms)
✔ inventory refuses wrong environment invariants, incomplete inventory and malformed hash (0.5774ms)
✔ inventory rejects other tenant and background orphan even when newly created (0.5062ms)
✔ inventory rejects duplicates, changed FK/path, missing bytes and missing/foreign cover (1.4449ms)
✔ failure collects real rejection, natural age and private checkpoint without declaring gate PASS (0.6053ms)
✔ failure rejects two-hour equality, forged success/401, interruption and wrong identity (2.987ms)
✔ failure rejects changed HMAC, insufficient update age and a control that became eligible (1.642ms)
✔ grace requires untouched pending/HMAC/bytes and recent control; exact cutoff remains ineligible (1.7564ms)
✔ recovery requires strictly after natural grace, deleted ledger/no bytes and fresh control (1.4423ms)
✔ retired objects permit absent/deleted ledger, reject residual bytes or live state (0.9072ms)
✔ every malformed input is rejected with constant sanitized error (0.4616ms)
✔ initial fixtures use existing actor, private PNG bytes, active cover and natural server timestamps (10.7124ms)
✔ checkpoint rejection prevents mutation and still supplies complete private recovery reference (2.1528ms)
✔ partial Storage failure retains recovery IDs, ledger and actor for own-scope cleanup (3.0531ms)
✔ recent is newly created for each phase, retired IDs stay private and all deletions are scoped (4.261ms)
✔ Storage failure stops every database deletion, preserving references for retry (1.1553ms)
✔ foreign ledger, cover, Storage or incomplete inventory blocks destructive operations (3.6124ms)
✔ global exact count detects truncation beyond worker limit before mutations (0.3466ms)
✔ missing bytes require real 404; denied and unavailable downloads never prove absence (2.5597ms)
✔ byte corruption is reported from a fresh download and oversized files fail verification (1.0747ms)
✔ restored journal rejects foreign path, wrong actor, duplicate identity and arbitrary hashes (1.2266ms)
✔ overlapping operations fail closed while checkpoint persists the first mutation (0.784ms)
✔ journal encrypts private snapshots, atomically preserves sequences and reads latest (74.1485ms)
✔ live owner prevents contention and explicit recovery (36.1248ms)
✔ recovery requires explicit request, matching run and provably dead PID; stale ownership preserved (67.3807ms)
✔ missing/tampered ownership never permits recovery (24.9121ms)
✔ abandoned acquisition gate stays fail-closed for manual inspection (15.8892ms)
✔ recursive secret property rejection preserves earlier checkpoint (55.386ms)
✔ failed encryption preserves previous atomic checkpoint without plaintext files (40.3863ms)
✔ tampered ciphertext fails safely and cannot fall back to earlier sequence (40.4681ms)
✔ interrupted atomic staging preserves committed history and never promotes partial bytes (60.855ms)
✔ concurrent operations are rejected without releasing first operation's guard (29.8427ms)
✔ same historical run needs explicit recovery after clean close (51.3572ms)
✔ preflight pins dev identity and existing fictitious manager with complete immutable baseline (68.5243ms)
✔ target drift, split deployment, unreviewed version and incomplete inventory fail closed (239.6687ms)
✔ SQL JSON accepts a single row only and never ambiguously aggregates results (121.2591ms)
✔ admin credential stays in memory and rejects wrong project, role and uninitialized access (67.652ms)
✔ native CLI package must be exactly pinned and SQL stays one complete direct argument (50.384ms)
✔ native API key envelope ignores message metadata and rejects unexpected shape (47.9467ms)
✔ probe installation sends private manifest through stdin, public config and exact rollback (72.3163ms)
✔ postflight requires exact HMAC/Auth/identity and migration preservation plus empty fixtures (37.9464ms)
✔ probe bindings and collector eligibility are verified without presenting local fakes as remote PASS (49.4705ms)
✔ raw provider diagnostics never escape the administrative boundary (16.9618ms)
✔ a new recovery process restores the captured UUID and then authorizes own cleanup access (84.2964ms)
✔ database drift allows rollback first but prohibits administrative access and deletion (228.4295ms)
✔ command transport hides stderr, disables shell and rejects bounded-output overflow (3.1675ms)
✔ command timeout terminates its owned child and never returns partial output as success (10.654ms)
✔ child error preserves escalation until SIGKILL is confirmed (1000.8911ms)
✔ unconfirmed termination stays bounded and destroys private pipes (2003.5365ms)
✔ runner orders real-age failure, exact restore, grace, new recent control and postflight (53.1995ms)
✔ probe expiry stays exactly thirty minutes when the real clock advances between reads (38.3378ms)
✔ outside window and insufficient budget never access provider (0.621ms)
✔ partial secret publication and failed observation always restore captured baseline (22.9395ms)
✔ changed reviewed source during natural ageing blocks publication and cleans owned fixtures (9.5973ms)
✔ failed restoration retains fixtures and restore intent for recovery (12.536ms)
✔ partial creation and postflight failure cannot become PASS (69.2494ms)
✔ interruption after installation restores and cleans owned fixtures (9.7486ms)
✔ recovery performs only restore and owned cleanup and never claims retry proof (28.1586ms)
✔ recovery attempts restoration before divergent inventory can prevent fixture cleanup (0.544ms)
✔ automatic execution rejects missing review, changed source and extra hash targets (52.5872ms)
✔ bounds a stalled request and aborts the underlying transport (47.9109ms)
✔ bounds a response whose headers arrive but whose body stalls (21.8959ms)
✔ preserves caller cancellation without leaking its reason (0.8713ms)
✔ cancels a late response from a transport ignoring abort (23.9074ms)
✔ bounds response bytes and preserves JSON and empty HTTP responses (4.1734ms)
✔ SDK maintenance calls do not repeat HTTP failures (7.865ms)
✔ Cron times out Storage, records failure, and recovers only after grace (32.5874ms)
✔ ambiguous finalization timeout leaves the claim for later recovery (25.0094ms)
✔ local maintenance uses the same bounded SDK transport (24.0152ms)
ℹ tests 104
ℹ suites 0
ℹ pass 104
ℹ fail 0
ℹ cancelled 0
ℹ skipped 0
ℹ todo 0
ℹ duration_ms 4585.5619
