
> comercio360@0.1.1 lint
> eslint .


C:\Users\Alexs\Desktop\Comercio360\docs\ai\evidencias\h04-u1-2026-09-30\playwright-u1-external.config.mjs
  1:1  warning  Assign object to a variable before exporting as module default  import/no-anonymous-default-export

C:\Users\Alexs\Desktop\Comercio360\packages\ui\sales\workspace.tsx
   80:7   error  Error: Calling setState synchronously within an effect can trigger cascading renders

Effects are intended to synchronize state between React and external systems such as manually updating the DOM, state management libraries, or other platform APIs. In general, the body of an effect should do one or both of the following:
* Update external systems with the latest state from React.
* Subscribe for updates from some external system, calling setState in a callback function when external state changes.

Calling setState synchronously within an effect body causes cascading renders that can hurt performance, and is not recommended. (https://react.dev/learn/you-might-not-need-an-effect).

C:\Users\Alexs\Desktop\Comercio360\packages\ui\sales\workspace.tsx:80:7
  78 |       const recovered = loadSaleAttempt(sessionStorage, key);
  79 |       uncertain.current = recovered !== null;
> 80 |       setAttempt(recovered);
     |       ^^^^^^^^^^ Avoid calling setState() directly within an effect
  81 |       setStorageError(false);
  82 |       setReadyKey(key);
  83 |     } catch {                                                                                                                                                                                                                 react-hooks/set-state-in-effect
  505:14  error  Error: Cannot access refs during render

React refs are values that are not needed for rendering. Refs should only be accessed outside of render, such as in event handlers or effects. Accessing a ref value (the `current` property) during render can cause your component not to update as expected (https://react.dev/reference/react/useRef).

C:\Users\Alexs\Desktop\Comercio360\packages\ui\sales\workspace.tsx:505:14
  503 |       </noscript>
  504 |       <div
> 505 |         ref={mutation.noticeRef}
      |              ^^^^^^^^^^^^^^^^^^ Cannot access ref value during render
  506 |         tabIndex={-1}
  507 |         className={
  508 |           mutation.notice || mutation.attempt || mutation.storageError                                                                                                                                                                                                                                                                                                                                                                                                                                                                                                                                                                                                  react-hooks/refs
  508:11  error  Error: Cannot access refs during render

React refs are values that are not needed for rendering. Refs should only be accessed outside of render, such as in event handlers or effects. Accessing a ref value (the `current` property) during render can cause your component not to update as expected (https://react.dev/reference/react/useRef).

C:\Users\Alexs\Desktop\Comercio360\packages\ui\sales\workspace.tsx:508:11
  506 |         tabIndex={-1}
  507 |         className={
> 508 |           mutation.notice || mutation.attempt || mutation.storageError
      |           ^^^^^^^^^^^^^^^ Cannot access ref value during render
  509 |             ? styles.notice
  510 |             : undefined
  511 |         }                                                                                                                                                                                                                                                                                                                                                                                                                                                                                                                                                                                                        react-hooks/refs
  508:11  error  Error: Cannot access refs during render

React refs are values that are not needed for rendering. Refs should only be accessed outside of render, such as in event handlers or effects. Accessing a ref value (the `current` property) during render can cause your component not to update as expected (https://react.dev/reference/react/useRef).

C:\Users\Alexs\Desktop\Comercio360\packages\ui\sales\workspace.tsx:508:11
  506 |         tabIndex={-1}
  507 |         className={
> 508 |           mutation.notice || mutation.attempt || mutation.storageError
      |           ^^^^^^^^^^^^^^^^^^^^^^^^^^^^^^^^^^^ Cannot access ref value during render
  509 |             ? styles.notice
  510 |             : undefined
  511 |         }                                                                                                                                                                                                                                                                                                                                                                                                                                                                                                                                                                                    react-hooks/refs
  508:11  error  Error: Cannot access refs during render

React refs are values that are not needed for rendering. Refs should only be accessed outside of render, such as in event handlers or effects. Accessing a ref value (the `current` property) during render can cause your component not to update as expected (https://react.dev/reference/react/useRef).

C:\Users\Alexs\Desktop\Comercio360\packages\ui\sales\workspace.tsx:508:11
  506 |         tabIndex={-1}
  507 |         className={
> 508 |           mutation.notice || mutation.attempt || mutation.storageError
      |           ^^^^^^^^^^^^^^^^^^^^^^^^^^^^^^^^^^^^^^^^^^^^^^^^^^^^^^^^^^^^ Cannot access ref value during render
  509 |             ? styles.notice
  510 |             : undefined
  511 |         }                                                                                                                                                                                                                                                                                                                                                                                                                                                                                                                                                           react-hooks/refs
  512:15  error  Error: Cannot access refs during render

React refs are values that are not needed for rendering. Refs should only be accessed outside of render, such as in event handlers or effects. Accessing a ref value (the `current` property) during render can cause your component not to update as expected (https://react.dev/reference/react/useRef).

C:\Users\Alexs\Desktop\Comercio360\packages\ui\sales\workspace.tsx:512:15
  510 |             : undefined
  511 |         }
> 512 |         role={mutation.notice?.status === "success" ? "status" : "alert"}
      |               ^^^^^^^^^^^^^^^ Cannot access ref value during render
  513 |         aria-live={
  514 |           mutation.notice?.status === "success" ? "polite" : "assertive"
  515 |         }                                                                                                                                                                                                                                                                                                                                                                                                                                                                                                                                                                react-hooks/refs
  512:15  error  Error: Cannot access refs during render

React refs are values that are not needed for rendering. Refs should only be accessed outside of render, such as in event handlers or effects. Accessing a ref value (the `current` property) during render can cause your component not to update as expected (https://react.dev/reference/react/useRef).

C:\Users\Alexs\Desktop\Comercio360\packages\ui\sales\workspace.tsx:512:15
  510 |             : undefined
  511 |         }
> 512 |         role={mutation.notice?.status === "success" ? "status" : "alert"}
      |               ^^^^^^^^^^^^^^^^^^^^^^^ Cannot access ref value during render
  513 |         aria-live={
  514 |           mutation.notice?.status === "success" ? "polite" : "assertive"
  515 |         }                                                                                                                                                                                                                                                                                                                                                                                                                                                                                                                                                        react-hooks/refs
  514:11  error  Error: Cannot access refs during render

React refs are values that are not needed for rendering. Refs should only be accessed outside of render, such as in event handlers or effects. Accessing a ref value (the `current` property) during render can cause your component not to update as expected (https://react.dev/reference/react/useRef).

C:\Users\Alexs\Desktop\Comercio360\packages\ui\sales\workspace.tsx:514:11
  512 |         role={mutation.notice?.status === "success" ? "status" : "alert"}
  513 |         aria-live={
> 514 |           mutation.notice?.status === "success" ? "polite" : "assertive"
      |           ^^^^^^^^^^^^^^^ Cannot access ref value during render
  515 |         }
  516 |       >
  517 |         {mutation.storageError && (                                                                                                                                                                                                                                                                                                                                                                                                                                                                                                                                                          react-hooks/refs
  514:11  error  Error: Cannot access refs during render

React refs are values that are not needed for rendering. Refs should only be accessed outside of render, such as in event handlers or effects. Accessing a ref value (the `current` property) during render can cause your component not to update as expected (https://react.dev/reference/react/useRef).

C:\Users\Alexs\Desktop\Comercio360\packages\ui\sales\workspace.tsx:514:11
  512 |         role={mutation.notice?.status === "success" ? "status" : "alert"}
  513 |         aria-live={
> 514 |           mutation.notice?.status === "success" ? "polite" : "assertive"
      |           ^^^^^^^^^^^^^^^^^^^^^^^ Cannot access ref value during render
  515 |         }
  516 |       >
  517 |         {mutation.storageError && (                                                                                                                                                                                                                                                                                                                                                                                                                                                                                                                                                  react-hooks/refs
  517:10  error  Error: Cannot access refs during render

React refs are values that are not needed for rendering. Refs should only be accessed outside of render, such as in event handlers or effects. Accessing a ref value (the `current` property) during render can cause your component not to update as expected (https://react.dev/reference/react/useRef).

C:\Users\Alexs\Desktop\Comercio360\packages\ui\sales\workspace.tsx:517:10
  515 |         }
  516 |       >
> 517 |         {mutation.storageError && (
      |          ^^^^^^^^^^^^^^^^^^^^^ Cannot access ref value during render
  518 |           <p>
  519 |             O armazenamento seguro desta aba está indisponível ou contém uma
  520 |             tentativa inválida. Nenhuma nova operação será enviada. Recupere o                                                                                                                                                                                                                                                                                                                                                                                                                                                                                                                                                  react-hooks/refs
  517:10  error  Error: Cannot access refs during render

React refs are values that are not needed for rendering. Refs should only be accessed outside of render, such as in event handlers or effects. Accessing a ref value (the `current` property) during render can cause your component not to update as expected (https://react.dev/reference/react/useRef).

C:\Users\Alexs\Desktop\Comercio360\packages\ui\sales\workspace.tsx:517:10
  515 |         }
  516 |       >
> 517 |         {mutation.storageError && (
      |          ^^^^^^^^^^^^^^^^^^^^^^^^^^
> 518 |           <p>
      | ^^^^^^^^^^^^^
> 519 |             O armazenamento seguro desta aba está indisponível ou contém uma
      | ^^^^^^^^^^^^^
> 520 |             tentativa inválida. Nenhuma nova operação será enviada. Recupere o
      | ^^^^^^^^^^^^^
> 521 |             armazenamento e recarregue a página para conferir a tentativa
      | ^^^^^^^^^^^^^
> 522 |             anterior.
      | ^^^^^^^^^^^^^
> 523 |           </p>
      | ^^^^^^^^^^^^^
> 524 |         )}
      | ^^^^^^^^^^ Cannot access ref value during render
  525 |         {mutation.notice && <p>{mutation.notice.message}</p>}
  526 |         {mutation.notice?.status === "conflict" && (
  527 |           <a href={hrefFor(query, status, sales.page, selectedSale?.sale.id)}>  react-hooks/refs
  525:10  error  Error: Cannot access refs during render

React refs are values that are not needed for rendering. Refs should only be accessed outside of render, such as in event handlers or effects. Accessing a ref value (the `current` property) during render can cause your component not to update as expected (https://react.dev/reference/react/useRef).

C:\Users\Alexs\Desktop\Comercio360\packages\ui\sales\workspace.tsx:525:10
  523 |           </p>
  524 |         )}
> 525 |         {mutation.notice && <p>{mutation.notice.message}</p>}
      |          ^^^^^^^^^^^^^^^ Cannot access ref value during render
  526 |         {mutation.notice?.status === "conflict" && (
  527 |           <a href={hrefFor(query, status, sales.page, selectedSale?.sale.id)}>
  528 |             Atualizar e revisar os dados                                                                                                                                                                                                                                                                                                                                                                                                                                                                                                                   react-hooks/refs
  525:10  error  Error: Cannot access refs during render

React refs are values that are not needed for rendering. Refs should only be accessed outside of render, such as in event handlers or effects. Accessing a ref value (the `current` property) during render can cause your component not to update as expected (https://react.dev/reference/react/useRef).

C:\Users\Alexs\Desktop\Comercio360\packages\ui\sales\workspace.tsx:525:10
  523 |           </p>
  524 |         )}
> 525 |         {mutation.notice && <p>{mutation.notice.message}</p>}
      |          ^^^^^^^^^^^^^^^^^^^^^^^^^^^^^^^^^^^^^^^^^^^^^^^^^^^ Cannot access ref value during render
  526 |         {mutation.notice?.status === "conflict" && (
  527 |           <a href={hrefFor(query, status, sales.page, selectedSale?.sale.id)}>
  528 |             Atualizar e revisar os dados                                                                                                                                                                                                                                                                                                                                                                                                                                                                               react-hooks/refs
  525:33  error  Error: Cannot access refs during render

React refs are values that are not needed for rendering. Refs should only be accessed outside of render, such as in event handlers or effects. Accessing a ref value (the `current` property) during render can cause your component not to update as expected (https://react.dev/reference/react/useRef).

C:\Users\Alexs\Desktop\Comercio360\packages\ui\sales\workspace.tsx:525:33
  523 |           </p>
  524 |         )}
> 525 |         {mutation.notice && <p>{mutation.notice.message}</p>}
      |                                 ^^^^^^^^^^^^^^^^^^^^^^^ Cannot access ref value during render
  526 |         {mutation.notice?.status === "conflict" && (
  527 |           <a href={hrefFor(query, status, sales.page, selectedSale?.sale.id)}>
  528 |             Atualizar e revisar os dados                                                                                                                                                                                                                                                                                                                                                                                                                                                                                    react-hooks/refs
  526:10  error  Error: Cannot access refs during render

React refs are values that are not needed for rendering. Refs should only be accessed outside of render, such as in event handlers or effects. Accessing a ref value (the `current` property) during render can cause your component not to update as expected (https://react.dev/reference/react/useRef).

C:\Users\Alexs\Desktop\Comercio360\packages\ui\sales\workspace.tsx:526:10
  524 |         )}
  525 |         {mutation.notice && <p>{mutation.notice.message}</p>}
> 526 |         {mutation.notice?.status === "conflict" && (
      |          ^^^^^^^^^^^^^^^ Cannot access ref value during render
  527 |           <a href={hrefFor(query, status, sales.page, selectedSale?.sale.id)}>
  528 |             Atualizar e revisar os dados
  529 |           </a>                                                                                                                                                                                                                                                                                                                                                                                                                                                                                                                   react-hooks/refs
  526:10  error  Error: Cannot access refs during render

React refs are values that are not needed for rendering. Refs should only be accessed outside of render, such as in event handlers or effects. Accessing a ref value (the `current` property) during render can cause your component not to update as expected (https://react.dev/reference/react/useRef).

C:\Users\Alexs\Desktop\Comercio360\packages\ui\sales\workspace.tsx:526:10
  524 |         )}
  525 |         {mutation.notice && <p>{mutation.notice.message}</p>}
> 526 |         {mutation.notice?.status === "conflict" && (
      |          ^^^^^^^^^^^^^^^^^^^^^^^ Cannot access ref value during render
  527 |           <a href={hrefFor(query, status, sales.page, selectedSale?.sale.id)}>
  528 |             Atualizar e revisar os dados
  529 |           </a>                                                                                                                                                                                                                                                                                                                                                                                                                                                                                                           react-hooks/refs
  531:10  error  Error: Cannot access refs during render

React refs are values that are not needed for rendering. Refs should only be accessed outside of render, such as in event handlers or effects. Accessing a ref value (the `current` property) during render can cause your component not to update as expected (https://react.dev/reference/react/useRef).

C:\Users\Alexs\Desktop\Comercio360\packages\ui\sales\workspace.tsx:531:10
  529 |           </a>
  530 |         )}
> 531 |         {mutation.attempt && (
      |          ^^^^^^^^^^^^^^^^ Cannot access ref value during render
  532 |           <>
  533 |             <h2>Envio anterior pendente de confirmação</h2>
  534 |             <p>                                                                                                                                                                                                                                                                                                                                                                                                                                                                                                                                                                                                                                     react-hooks/refs
  531:10  error  Error: Cannot access refs during render

React refs are values that are not needed for rendering. Refs should only be accessed outside of render, such as in event handlers or effects. Accessing a ref value (the `current` property) during render can cause your component not to update as expected (https://react.dev/reference/react/useRef).

C:\Users\Alexs\Desktop\Comercio360\packages\ui\sales\workspace.tsx:531:10
  529 |           </a>
  530 |         )}
> 531 |         {mutation.attempt && (
      |          ^^^^^^^^^^^^^^^^^^^^^
> 532 |           <>
      | ^^^^^^^^^^^^
> 533 |             <h2>Envio anterior pendente de confirmação</h2>
      …
      | ^^^^^^^^^^^^
> 563 |           </>
      | ^^^^^^^^^^^^
> 564 |         )}
      | ^^^^^^^^^^ Cannot access ref value during render
  565 |       </div>
  566 |       {permissions.canConfirm && (
  567 |         <SaleBuilder key={builderRevision} scope={scope} mutation={mutation} />                                                                                                                                                                                                                                                                                                                                                             react-hooks/refs
  538:14  error  Error: Cannot access refs during render

React refs are values that are not needed for rendering. Refs should only be accessed outside of render, such as in event handlers or effects. Accessing a ref value (the `current` property) during render can cause your component not to update as expected (https://react.dev/reference/react/useRef).

C:\Users\Alexs\Desktop\Comercio360\packages\ui\sales\workspace.tsx:538:14
  536 |               loja. Confirme a mesma tentativa antes de iniciar outra.
  537 |             </p>
> 538 |             {mutation.attempt.kind === "confirm" ? (
      |              ^^^^^^^^^^^^^^^^^^^^^ Cannot access ref value during render
  539 |               <ul>
  540 |                 {mutation.attempt.payload.items.map((line) => (
  541 |                   <li key={line.variantId}>                                                                                                                                                                                                                                                                                                                                                                                                                                                                                                  react-hooks/refs
  540:18  error  Error: Cannot access refs during render

React refs are values that are not needed for rendering. Refs should only be accessed outside of render, such as in event handlers or effects. Accessing a ref value (the `current` property) during render can cause your component not to update as expected (https://react.dev/reference/react/useRef).

C:\Users\Alexs\Desktop\Comercio360\packages\ui\sales\workspace.tsx:540:18
  538 |             {mutation.attempt.kind === "confirm" ? (
  539 |               <ul>
> 540 |                 {mutation.attempt.payload.items.map((line) => (
      |                  ^^^^^^^^^^^^^^^^^^^^^^^^^^^^^^ Cannot access ref value during render
  541 |                   <li key={line.variantId}>
  542 |                     {line.variantId}: {line.quantity} unidades ×{" "}
  543 |                     {formatSaleMoney(line.expectedUnitPriceCents)}                                                                                                                                                                                                                                                                                                                                                                                                                                    react-hooks/refs
  540:18  error  Error: Cannot access refs during render

React refs are values that are not needed for rendering. Refs should only be accessed outside of render, such as in event handlers or effects. Accessing a ref value (the `current` property) during render can cause your component not to update as expected (https://react.dev/reference/react/useRef).

C:\Users\Alexs\Desktop\Comercio360\packages\ui\sales\workspace.tsx:540:18
  538 |             {mutation.attempt.kind === "confirm" ? (
  539 |               <ul>
> 540 |                 {mutation.attempt.payload.items.map((line) => (
      |                  ^^^^^^^^^^^^^^^^^^^^^^^^^^^^^^^^^^ Cannot access ref value during render
  541 |                   <li key={line.variantId}>
  542 |                     {line.variantId}: {line.quantity} unidades ×{" "}
  543 |                     {formatSaleMoney(line.expectedUnitPriceCents)}                                                                                                                                                                                                                                                                                                                                                                                                                                react-hooks/refs
  549:40  error  Error: Cannot access refs during render

React refs are values that are not needed for rendering. Refs should only be accessed outside of render, such as in event handlers or effects. Accessing a ref value (the `current` property) during render can cause your component not to update as expected (https://react.dev/reference/react/useRef).

C:\Users\Alexs\Desktop\Comercio360\packages\ui\sales\workspace.tsx:549:40
  547 |             ) : (
  548 |               <p>
> 549 |                 Cancelamento da venda {mutation.attempt.payload.saleId}:{" "}
      |                                        ^^^^^^^^^^^^^^^^^^^^^^^^^^^^^^^ Cannot access ref value during render
  550 |                 {mutation.attempt.payload.reason}
  551 |               </p>
  552 |             )}                                                                                                                                                                                                                                                                                                                                                                                                                                                                                                                                    react-hooks/refs
  550:18  error  Error: Cannot access refs during render

React refs are values that are not needed for rendering. Refs should only be accessed outside of render, such as in event handlers or effects. Accessing a ref value (the `current` property) during render can cause your component not to update as expected (https://react.dev/reference/react/useRef).

C:\Users\Alexs\Desktop\Comercio360\packages\ui\sales\workspace.tsx:550:18
  548 |               <p>
  549 |                 Cancelamento da venda {mutation.attempt.payload.saleId}:{" "}
> 550 |                 {mutation.attempt.payload.reason}
      |                  ^^^^^^^^^^^^^^^^^^^^^^^^^^^^^^^ Cannot access ref value during render
  551 |               </p>
  552 |             )}
  553 |             <button                                                                                                                                                                                                                                                                                                                                                                                                                                                                                                                                                        react-hooks/refs
  556:25  error  Error: Cannot access refs during render

React refs are values that are not needed for rendering. Refs should only be accessed outside of render, such as in event handlers or effects. Accessing a ref value (the `current` property) during render can cause your component not to update as expected (https://react.dev/reference/react/useRef).

C:\Users\Alexs\Desktop\Comercio360\packages\ui\sales\workspace.tsx:556:25
  554 |               type="button"
  555 |               className={styles.primary}
> 556 |               disabled={!mutation.ready || mutation.pending}
      |                         ^^^^^^^^^^^^^^^^^^^^^^^^^^^^^^^^^^^ Cannot access ref value during render
  557 |               onClick={mutation.retry}
  558 |             >
  559 |               {mutation.pending                                                                                                                                                                                                                                                                                                                                                                                                                                                                                                                              react-hooks/refs
  556:26  error  Error: Cannot access refs during render

React refs are values that are not needed for rendering. Refs should only be accessed outside of render, such as in event handlers or effects. Accessing a ref value (the `current` property) during render can cause your component not to update as expected (https://react.dev/reference/react/useRef).

C:\Users\Alexs\Desktop\Comercio360\packages\ui\sales\workspace.tsx:556:26
  554 |               type="button"
  555 |               className={styles.primary}
> 556 |               disabled={!mutation.ready || mutation.pending}
      |                          ^^^^^^^^^^^^^^ Cannot access ref value during render
  557 |               onClick={mutation.retry}
  558 |             >
  559 |               {mutation.pending                                                                                                                                                                                                                                                                                                                                                                                                                                                                                                                                                  react-hooks/refs
  557:24  error  Error: Cannot access refs during render

React refs are values that are not needed for rendering. Refs should only be accessed outside of render, such as in event handlers or effects. Accessing a ref value (the `current` property) during render can cause your component not to update as expected (https://react.dev/reference/react/useRef).

C:\Users\Alexs\Desktop\Comercio360\packages\ui\sales\workspace.tsx:557:24
  555 |               className={styles.primary}
  556 |               disabled={!mutation.ready || mutation.pending}
> 557 |               onClick={mutation.retry}
      |                        ^^^^^^^^^^^^^^ Cannot access ref value during render
  558 |             >
  559 |               {mutation.pending
  560 |                 ? "Confirmando envio…"                                                                                                                                                                                                                                                                                                                                                                                                                                                                                                                                         react-hooks/refs
  559:16  error  Error: Cannot access refs during render

React refs are values that are not needed for rendering. Refs should only be accessed outside of render, such as in event handlers or effects. Accessing a ref value (the `current` property) during render can cause your component not to update as expected (https://react.dev/reference/react/useRef).

C:\Users\Alexs\Desktop\Comercio360\packages\ui\sales\workspace.tsx:559:16
  557 |               onClick={mutation.retry}
  558 |             >
> 559 |               {mutation.pending
      |                ^^^^^^^^^^^^^^^^ Cannot access ref value during render
  560 |                 ? "Confirmando envio…"
  561 |                 : "Confirmar envio anterior"}
  562 |             </button>                                                                                                                                                                                                                                                                                                                                                                                                                                                                                                                                                                                 react-hooks/refs
  567:68  error  Error: Cannot access refs during render

React refs are values that are not needed for rendering. Refs should only be accessed outside of render, such as in event handlers or effects. Accessing a ref value (the `current` property) during render can cause your component not to update as expected (https://react.dev/reference/react/useRef).

C:\Users\Alexs\Desktop\Comercio360\packages\ui\sales\workspace.tsx:567:68
  565 |       </div>
  566 |       {permissions.canConfirm && (
> 567 |         <SaleBuilder key={builderRevision} scope={scope} mutation={mutation} />
      |                                                                    ^^^^^^^^ Cannot access ref value during render
  568 |       )}
  569 |       <form
  570 |         method="get"                                                                                                                                                                                                                                                                                                                                                                                                                                                                                                                                                           react-hooks/refs
  640:21  error  Error: Cannot access refs during render

React refs are values that are not needed for rendering. Refs should only be accessed outside of render, such as in event handlers or effects. Accessing a ref value (the `current` property) during render can cause your component not to update as expected (https://react.dev/reference/react/useRef).

C:\Users\Alexs\Desktop\Comercio360\packages\ui\sales\workspace.tsx:640:21
  638 |           detail={selectedSale}
  639 |           canCancel={permissions.canCancel}
> 640 |           mutation={mutation}
      |                     ^^^^^^^^ Cannot access ref value during render
  641 |         />
  642 |       </div>
  643 |     </div>                                                                                                                                                                                                                                                                                                                                                                                                                                                                                                                                                                                                                                       react-hooks/refs

✖ 30 problems (29 errors, 1 warning)

