▲ Next.js 16.3.4 (Turbopack)
- Local:         http://127.0.0.1:3001
- Network:       http://127.0.0.1:3001
✓ Ready in 641ms
✓ Running next.config.ts took 57ms

 GET /login 200 in 687ms (next.js: 244ms, proxy.ts: 251ms, application-code: 192ms)
 GET /login 200 in 51ms (next.js: 6ms, proxy.ts: 6ms, application-code: 39ms)
 GET /demo 200 in 831ms (next.js: 723ms, application-code: 108ms)
 GET /demo/vendas 200 in 43ms (next.js: 15ms, application-code: 28ms)
 GET /demo 200 in 73ms (next.js: 6ms, application-code: 66ms)
 GET /demo/vendas 200 in 38ms (next.js: 13ms, application-code: 25ms)
 GET /demo 200 in 74ms (next.js: 6ms, application-code: 68ms)
 GET /demo/vendas 200 in 39ms (next.js: 15ms, application-code: 24ms)
 GET /demo 200 in 75ms (next.js: 6ms, application-code: 69ms)
 GET /app/visao-geral 307 in 1232ms (next.js: 1125ms, proxy.ts: 8ms, application-code: 98ms)
 GET /login 200 in 42ms (next.js: 6ms, proxy.ts: 5ms, application-code: 31ms)
 GET /app/estoque 307 in 77ms (next.js: 15ms, proxy.ts: 7ms, application-code: 55ms)
 GET /login 200 in 45ms (next.js: 6ms, proxy.ts: 6ms, application-code: 33ms)
 GET /demo 200 in 85ms (next.js: 13ms, application-code: 72ms)
 GET /demo/vendas 200 in 57ms (next.js: 6ms, application-code: 51ms)
 GET /demo/pedidos 200 in 56ms (next.js: 6ms, application-code: 50ms)
 GET /demo/produtos 200 in 73ms (next.js: 13ms, application-code: 60ms)
 GET /demo/estoque 200 in 56ms (next.js: 6ms, application-code: 49ms)
 GET /demo/compras 200 in 58ms (next.js: 6ms, application-code: 52ms)
 GET /demo/clientes 200 in 57ms (next.js: 6ms, application-code: 51ms)
 GET /demo/entregas 200 in 61ms (next.js: 6ms, application-code: 55ms)
 GET /demo/marketing 200 in 65ms (next.js: 7ms, application-code: 58ms)
 GET /demo/financeiro 200 in 65ms (next.js: 13ms, application-code: 52ms)
 GET /demo/relatorios 200 in 54ms (next.js: 5ms, application-code: 49ms)
 GET /demo/configuracoes 200 in 59ms (next.js: 6ms, application-code: 53ms)
 GET /demo/nonexistent 404 in 61ms (next.js: 8ms, application-code: 54ms)
 GET /demo 200 in 92ms (next.js: 5ms, application-code: 87ms)
 GET /demo/vendas 200 in 36ms (next.js: 13ms, application-code: 23ms)
 GET /demo/pedidos 200 in 28ms (next.js: 6ms, application-code: 22ms)
 GET /demo/visao-geral 200 in 27ms (next.js: 6ms, application-code: 21ms)
