▲ Next.js 16.3.4 (Turbopack)
- Local:         http://127.0.0.1:3001
- Network:       http://127.0.0.1:3001
✓ Ready in 642ms
✓ Running next.config.ts took 56ms

 GET /login 200 in 684ms (next.js: 239ms, proxy.ts: 249ms, application-code: 196ms)
 GET /login 200 in 53ms (next.js: 6ms, proxy.ts: 6ms, application-code: 40ms)
 GET /demo 200 in 827ms (next.js: 720ms, application-code: 107ms)
 GET /demo/vendas 200 in 42ms (next.js: 14ms, application-code: 28ms)
 GET /demo 200 in 74ms (next.js: 6ms, application-code: 68ms)
 GET /demo/vendas 200 in 38ms (next.js: 14ms, application-code: 25ms)
 GET /demo 200 in 76ms (next.js: 6ms, application-code: 70ms)
 GET /demo/vendas 200 in 38ms (next.js: 14ms, application-code: 24ms)
 GET /demo 200 in 73ms (next.js: 5ms, application-code: 68ms)
 GET /app/visao-geral 307 in 1250ms (next.js: 1122ms, proxy.ts: 28ms, application-code: 100ms)
 GET /login 200 in 44ms (next.js: 7ms, proxy.ts: 5ms, application-code: 31ms)
 GET /app/estoque 307 in 76ms (next.js: 15ms, proxy.ts: 7ms, application-code: 54ms)
 GET /login 200 in 44ms (next.js: 6ms, proxy.ts: 6ms, application-code: 33ms)
 GET /demo 200 in 83ms (next.js: 12ms, application-code: 71ms)
 GET /demo/vendas 200 in 56ms (next.js: 6ms, application-code: 50ms)
 GET /demo/pedidos 200 in 58ms (next.js: 7ms, application-code: 51ms)
 GET /demo/produtos 200 in 71ms (next.js: 13ms, application-code: 58ms)
 GET /demo/estoque 200 in 57ms (next.js: 6ms, application-code: 51ms)
 GET /demo/compras 200 in 60ms (next.js: 6ms, application-code: 53ms)
 GET /demo/clientes 200 in 59ms (next.js: 6ms, application-code: 53ms)
 GET /demo/entregas 200 in 58ms (next.js: 6ms, application-code: 52ms)
 GET /demo/marketing 200 in 60ms (next.js: 6ms, application-code: 54ms)
 GET /demo/financeiro 200 in 66ms (next.js: 13ms, application-code: 53ms)
 GET /demo/relatorios 200 in 56ms (next.js: 5ms, application-code: 51ms)
 GET /demo/configuracoes 200 in 60ms (next.js: 7ms, application-code: 53ms)
 GET /demo/nonexistent 404 in 63ms (next.js: 8ms, application-code: 54ms)
 GET /demo 200 in 70ms (next.js: 5ms, application-code: 65ms)
 GET /demo/vendas 200 in 35ms (next.js: 13ms, application-code: 23ms)
 GET /demo/pedidos 200 in 28ms (next.js: 6ms, application-code: 22ms)
 GET /demo/visao-geral 200 in 27ms (next.js: 6ms, application-code: 21ms)
